// Jest Snapshot v1, https://goo.gl/fbAQLP

exports[`renders mission page with redux 1`] = `
<DocumentFragment>
  <div>
    Loading...
  </div>
</DocumentFragment>
`;

exports[`renders with redux 1`] = `
<DocumentFragment>
  <div>
    Loading...
  </div>
</DocumentFragment>
`;
